INFO  [2026-07-13 17:14:57] MSstats - groupComparison function
INFO  [2026-07-13 17:14:57] labeled = FALSE
INFO  [2026-07-13 17:14:57] scopeOfBioReplication = expanded
INFO  [2026-07-13 17:14:57] Time course design of experiment - okay
INFO  [2026-07-13 17:14:57] == Start to test and get inference in whole plot
INFO  [2026-07-13 17:14:58] *** error: results of protein sp|O14686-3|KMT2D_HUMAN for comparison negtKTSwt_R467W_Ind_vs_Mock_Ind are NA because there are measurements only in a single group
INFO  [2026-07-13 17:14:58] *** error: results of protein sp|O15014|ZN609_HUMAN for comparison negtKTSwt_R467W_Ind_vs_Mock_Ind are NA because there are measurements only in a single group
INFO  [2026-07-13 17:14:59] *** error: results of protein sp|O15379|HDAC3_HUMAN for comparison negtKTSwt_R467W_Ind_vs_Mock_Ind are NA because there are measurements only in a single group
INFO  [2026-07-13 17:14:59] *** error: results of protein sp|O15397|IPO8_HUMAN for comparison negtKTSwt_R467W_Ind_vs_Mock_Ind are NA because there are measurements only in a single group
INFO  [2026-07-13 17:14:59] *** error: results of protein sp|O15550|KDM6A_HUMAN for comparison negtKTSwt_R467W_Ind_vs_Mock_Ind are NA because there are measurements only in a single group
INFO  [2026-07-13 17:14:59] *** error: results of protein sp|O60244|MED14_HUMAN for comparison negtKTSwt_R467W_Ind_vs_Mock_Ind are NA because there are measurements only in a single group
INFO  [2026-07-13 17:14:59] *** error: results of protein sp|O60341-2|KDM1A_HUMAN for comparison negtKTSwt_R467W_Ind_vs_Mock_Ind are NA because there are measurements only in a single group
INFO  [2026-07-13 17:14:59] *** error: results of protein sp|O60907|TBL1X_HUMAN for comparison negtKTSwt_R467W_Ind_vs_Mock_Ind are NA because there are measurements only in a single group
INFO  [2026-07-13 17:15:00] *** error: results of protein sp|O94851|MICA2_HUMAN for comparison negtKTSwt_R467W_Ind_vs_Mock_Ind are NA because there are measurements only in a single group
INFO  [2026-07-13 17:15:00] *** error: results of protein sp|O95104-2|SCAF4_HUMAN for comparison negtKTSwt_R467W_Ind_vs_Mock_Ind are NA because there are measurements only in a single group
INFO  [2026-07-13 17:15:00] *** error: results of protein sp|O95336|6PGL_HUMAN for comparison negtKTSwt_R467W_Ind_vs_Mock_Ind are NA because there are measurements only in a single group
INFO  [2026-07-13 17:15:00] *** error: results of protein sp|O95456-2|PSMG1_HUMAN for comparison negtKTSwt_R467W_Ind_vs_Mock_Ind are NA because there are measurements only in a single group
INFO  [2026-07-13 17:15:00] *** error: results of protein sp|O95486|SC24A_HUMAN for comparison negtKTSwt_R467W_Ind_vs_Mock_Ind are NA because there are measurements only in a single group
INFO  [2026-07-13 17:15:01] *** error: results of protein sp|P04439-2|HLAA_HUMAN for comparison negtKTSwt_R467W_Ind_vs_Mock_Ind are NA because there are measurements only in a single group
INFO  [2026-07-13 17:15:02] *** error: results of protein sp|P09001|RM03_HUMAN for comparison negtKTSwt_R467W_Ind_vs_Mock_Ind are NA because there are measurements only in a single group
INFO  [2026-07-13 17:15:02] *** error: results of protein sp|P09234|RU1C_HUMAN for comparison negtKTSwt_R467W_Ind_vs_Mock_Ind are NA because there are measurements only in a single group
INFO  [2026-07-13 17:15:03] *** error: results of protein sp|P16989|YBOX3_HUMAN for comparison negtKTSwt_R467W_Ind_vs_Mock_Ind are NA because there are measurements only in a single group
INFO  [2026-07-13 17:15:03] *** error: results of protein sp|P17275|JUNB_HUMAN for comparison negtKTSwt_R467W_Ind_vs_Mock_Ind are NA because there are measurements only in a single group
INFO  [2026-07-13 17:15:03] *** error: results of protein sp|P17480-2|UBF1_HUMAN for comparison negtKTSwt_R467W_Ind_vs_Mock_Ind are NA because there are measurements only in a single group
INFO  [2026-07-13 17:15:03] *** error: results of protein sp|P19544-7|WT1_HUMAN for comparison negtKTSwt_R467W_Ind_vs_Mock_Ind are NA because there are measurements only in a single group
INFO  [2026-07-13 17:15:03] *** error: results of protein sp|P20674|COX5A_HUMAN for comparison negtKTSwt_R467W_Ind_vs_Mock_Ind are NA because there are measurements only in a single group
INFO  [2026-07-13 17:15:03] *** error: results of protein sp|P23526-2|SAHH_HUMAN for comparison negtKTSwt_R467W_Ind_vs_Mock_Ind are NA because there are measurements only in a single group
INFO  [2026-07-13 17:15:04] *** error: results of protein sp|P30085-3|KCY_HUMAN for comparison negtKTSwt_R467W_Ind_vs_Mock_Ind are NA because there are measurements only in a single group
INFO  [2026-07-13 17:15:05] *** error: results of protein sp|P31629|ZEP2_HUMAN for comparison negtKTSwt_R467W_Ind_vs_Mock_Ind are NA because there are measurements only in a single group
INFO  [2026-07-13 17:15:05] *** error: results of protein sp|P35610|SOAT1_HUMAN for comparison negtKTSwt_R467W_Ind_vs_Mock_Ind are NA because there are measurements only in a single group
INFO  [2026-07-13 17:15:06] *** error: results of protein sp|P42704|LPPRC_HUMAN for comparison negtKTSwt_R467W_Ind_vs_Mock_Ind are NA because there are measurements only in a single group
INFO  [2026-07-13 17:15:06] *** error: results of protein sp|P46736-3|BRCC3_HUMAN for comparison negtKTSwt_R467W_Ind_vs_Mock_Ind are NA because there are measurements only in a single group
INFO  [2026-07-13 17:15:07] *** error: results of protein sp|P50213|IDH3A_HUMAN for comparison negtKTSwt_R467W_Ind_vs_Mock_Ind are NA because there are measurements only in a single group
INFO  [2026-07-13 17:15:07] *** error: results of protein sp|P51570|GALK1_HUMAN for comparison negtKTSwt_R467W_Ind_vs_Mock_Ind are NA because there are measurements only in a single group
INFO  [2026-07-13 17:15:08] *** error: results of protein sp|P55081|MFAP1_HUMAN for comparison negtKTSwt_R467W_Ind_vs_Mock_Ind are NA because there are measurements only in a single group
INFO  [2026-07-13 17:15:08] *** error: results of protein sp|P55268|LAMB2_HUMAN for comparison negtKTSwt_R467W_Ind_vs_Mock_Ind are NA because there are measurements only in a single group
INFO  [2026-07-13 17:15:08] *** error: results of protein sp|P61956-2|SUMO2_HUMAN for comparison negtKTSwt_R467W_Ind_vs_Mock_Ind are NA because there are measurements only in a single group
INFO  [2026-07-13 17:15:08] *** error: results of protein sp|P61962|DCAF7_HUMAN for comparison negtKTSwt_R467W_Ind_vs_Mock_Ind are NA because there are measurements only in a single group
INFO  [2026-07-13 17:15:09] *** error: results of protein sp|P78312-2|F193A_HUMAN for comparison negtKTSwt_R467W_Ind_vs_Mock_Ind are NA because there are measurements only in a single group
INFO  [2026-07-13 17:15:10] *** error: results of protein sp|Q04724|TLE1_HUMAN for comparison negtKTSwt_R467W_Ind_vs_Mock_Ind are NA because there are measurements only in a single group
INFO  [2026-07-13 17:15:10] *** error: results of protein sp|Q06710|PAX8_HUMAN for comparison negtKTSwt_R467W_Ind_vs_Mock_Ind are NA because there are measurements only in a single group
INFO  [2026-07-13 17:15:11] *** error: results of protein sp|Q13464|ROCK1_HUMAN for comparison negtKTSwt_R467W_Ind_vs_Mock_Ind are NA because there are measurements only in a single group
INFO  [2026-07-13 17:15:11] *** error: results of protein sp|Q13495-4|MAMD1_HUMAN for comparison negtKTSwt_R467W_Ind_vs_Mock_Ind are NA because there are measurements only in a single group
INFO  [2026-07-13 17:15:11] *** error: results of protein sp|Q13506-2|NAB1_HUMAN for comparison negtKTSwt_R467W_Ind_vs_Mock_Ind are NA because there are measurements only in a single group
INFO  [2026-07-13 17:15:12] *** error: results of protein sp|Q13950-2|RUNX2_HUMAN for comparison negtKTSwt_R467W_Ind_vs_Mock_Ind are NA because there are measurements only in a single group
INFO  [2026-07-13 17:15:12] *** error: results of protein sp|Q14687-3|GSE1_HUMAN for comparison negtKTSwt_R467W_Ind_vs_Mock_Ind are NA because there are measurements only in a single group
INFO  [2026-07-13 17:15:12] *** error: results of protein sp|Q15007-2|FL2D_HUMAN for comparison negtKTSwt_R467W_Ind_vs_Mock_Ind are NA because there are measurements only in a single group
INFO  [2026-07-13 17:15:12] *** error: results of protein sp|Q15018|ABRX2_HUMAN for comparison negtKTSwt_R467W_Ind_vs_Mock_Ind are NA because there are measurements only in a single group
INFO  [2026-07-13 17:15:12] *** error: results of protein sp|Q15291|RBBP5_HUMAN for comparison negtKTSwt_R467W_Ind_vs_Mock_Ind are NA because there are measurements only in a single group
INFO  [2026-07-13 17:15:13] *** error: results of protein sp|Q15637-5|SF01_HUMAN for comparison negtKTSwt_R467W_Ind_vs_Mock_Ind are NA because there are measurements only in a single group
INFO  [2026-07-13 17:15:13] *** error: results of protein sp|Q15773|MLF2_HUMAN for comparison negtKTSwt_R467W_Ind_vs_Mock_Ind are NA because there are measurements only in a single group
INFO  [2026-07-13 17:15:13] *** error: results of protein sp|Q16643-3|DREB_HUMAN for comparison negtKTSwt_R467W_Ind_vs_Mock_Ind are NA because there are measurements only in a single group
INFO  [2026-07-13 17:15:13] *** error: results of protein sp|Q16891-2|MIC60_HUMAN for comparison negtKTSwt_R467W_Ind_vs_Mock_Ind are NA because there are measurements only in a single group
INFO  [2026-07-13 17:15:13] *** error: results of protein sp|Q56VL3|OCAD2_HUMAN for comparison negtKTSwt_R467W_Ind_vs_Mock_Ind are NA because there are measurements only in a single group
INFO  [2026-07-13 17:15:14] *** error: results of protein sp|Q69YN2|C19L1_HUMAN for comparison negtKTSwt_R467W_Ind_vs_Mock_Ind are NA because there are measurements only in a single group
INFO  [2026-07-13 17:15:14] *** error: results of protein sp|Q6N021|TET2_HUMAN for comparison negtKTSwt_R467W_Ind_vs_Mock_Ind are NA because there are measurements only in a single group
INFO  [2026-07-13 17:15:14] *** error: results of protein sp|Q6NUN9-2|ZN746_HUMAN for comparison negtKTSwt_R467W_Ind_vs_Mock_Ind are NA because there are measurements only in a single group
INFO  [2026-07-13 17:15:14] *** error: results of protein sp|Q6NWY9-2|PR40B_HUMAN for comparison negtKTSwt_R467W_Ind_vs_Mock_Ind are NA because there are measurements only in a single group
INFO  [2026-07-13 17:15:14] *** error: results of protein sp|Q6PGP7|SKI3_HUMAN for comparison negtKTSwt_R467W_Ind_vs_Mock_Ind are NA because there are measurements only in a single group
INFO  [2026-07-13 17:15:14] *** error: results of protein sp|Q6STE5|SMRD3_HUMAN for comparison negtKTSwt_R467W_Ind_vs_Mock_Ind are NA because there are measurements only in a single group
INFO  [2026-07-13 17:15:14] *** error: results of protein sp|Q6UXN9|WDR82_HUMAN for comparison negtKTSwt_R467W_Ind_vs_Mock_Ind are NA because there are measurements only in a single group
INFO  [2026-07-13 17:15:14] *** error: results of protein sp|Q6W2J9-2|BCOR_HUMAN for comparison negtKTSwt_R467W_Ind_vs_Mock_Ind are NA because there are measurements only in a single group
INFO  [2026-07-13 17:15:15] *** error: results of protein sp|Q6ZRI6-2|CO039_HUMAN for comparison negtKTSwt_R467W_Ind_vs_Mock_Ind are NA because there are measurements only in a single group
INFO  [2026-07-13 17:15:15] *** error: results of protein sp|Q6ZW49|PAXI1_HUMAN for comparison negtKTSwt_R467W_Ind_vs_Mock_Ind are NA because there are measurements only in a single group
INFO  [2026-07-13 17:15:15] *** error: results of protein sp|Q75N03-2|HAKAI_HUMAN for comparison negtKTSwt_R467W_Ind_vs_Mock_Ind are NA because there are measurements only in a single group
INFO  [2026-07-13 17:15:15] *** error: results of protein sp|Q7KZI7-11|MARK2_HUMAN for comparison negtKTSwt_R467W_Ind_vs_Mock_Ind are NA because there are measurements only in a single group
INFO  [2026-07-13 17:15:15] *** error: results of protein sp|Q7Z7F0-2|KHDC4_HUMAN for comparison negtKTSwt_R467W_Ind_vs_Mock_Ind are NA because there are measurements only in a single group
INFO  [2026-07-13 17:15:15] *** error: results of protein sp|Q86SE9|PCGF5_HUMAN for comparison negtKTSwt_R467W_Ind_vs_Mock_Ind are NA because there are measurements only in a single group
INFO  [2026-07-13 17:15:15] *** error: results of protein sp|Q86U70|LDB1_HUMAN for comparison negtKTSwt_R467W_Ind_vs_Mock_Ind are NA because there are measurements only in a single group
INFO  [2026-07-13 17:15:15] *** error: results of protein sp|Q86UU0-2|BCL9L_HUMAN for comparison negtKTSwt_R467W_Ind_vs_Mock_Ind are NA because there are measurements only in a single group
INFO  [2026-07-13 17:15:15] *** error: results of protein sp|Q86X95|CIR1_HUMAN for comparison negtKTSwt_R467W_Ind_vs_Mock_Ind are NA because there are measurements only in a single group
INFO  [2026-07-13 17:15:15] *** error: results of protein sp|Q86XK2-5|FBX11_HUMAN for comparison negtKTSwt_R467W_Ind_vs_Mock_Ind are NA because there are measurements only in a single group
INFO  [2026-07-13 17:15:15] *** error: results of protein sp|Q86YP4-2|P66A_HUMAN for comparison negtKTSwt_R467W_Ind_vs_Mock_Ind are NA because there are measurements only in a single group
INFO  [2026-07-13 17:15:16] *** error: results of protein sp|Q8IZH2-2|XRN1_HUMAN for comparison negtKTSwt_R467W_Ind_vs_Mock_Ind are NA because there are measurements only in a single group
INFO  [2026-07-13 17:15:16] *** error: results of protein sp|Q8IZL2|MAML2_HUMAN for comparison negtKTSwt_R467W_Ind_vs_Mock_Ind are NA because there are measurements only in a single group
INFO  [2026-07-13 17:15:16] *** error: results of protein sp|Q8N1G0|ZN687_HUMAN for comparison negtKTSwt_R467W_Ind_vs_Mock_Ind are NA because there are measurements only in a single group
INFO  [2026-07-13 17:15:16] *** error: results of protein sp|Q8N983-2|RM43_HUMAN for comparison negtKTSwt_R467W_Ind_vs_Mock_Ind are NA because there are measurements only in a single group
INFO  [2026-07-13 17:15:16] *** error: results of protein sp|Q8NEY8|PPHLN_HUMAN for comparison negtKTSwt_R467W_Ind_vs_Mock_Ind are NA because there are measurements only in a single group
INFO  [2026-07-13 17:15:16] *** error: results of protein sp|Q8NF64-2|ZMIZ2_HUMAN for comparison negtKTSwt_R467W_Ind_vs_Mock_Ind are NA because there are measurements only in a single group
INFO  [2026-07-13 17:15:16] *** error: results of protein sp|Q8TAQ2|SMRC2_HUMAN for comparison negtKTSwt_R467W_Ind_vs_Mock_Ind are NA because there are measurements only in a single group
INFO  [2026-07-13 17:15:17] *** error: results of protein sp|Q8WVC0|LEO1_HUMAN for comparison negtKTSwt_R467W_Ind_vs_Mock_Ind are NA because there are measurements only in a single group
INFO  [2026-07-13 17:15:17] *** error: results of protein sp|Q8WXX7|AUTS2_HUMAN for comparison negtKTSwt_R467W_Ind_vs_Mock_Ind are NA because there are measurements only in a single group
INFO  [2026-07-13 17:15:17] *** error: results of protein sp|Q93062-2|RBPMS_HUMAN for comparison negtKTSwt_R467W_Ind_vs_Mock_Ind are NA because there are measurements only in a single group
INFO  [2026-07-13 17:15:17] *** error: results of protein sp|Q96DV4|RM38_HUMAN for comparison negtKTSwt_R467W_Ind_vs_Mock_Ind are NA because there are measurements only in a single group
INFO  [2026-07-13 17:15:18] *** error: results of protein sp|Q96EV2|RBM33_HUMAN for comparison negtKTSwt_R467W_Ind_vs_Mock_Ind are NA because there are measurements only in a single group
INFO  [2026-07-13 17:15:18] *** error: results of protein sp|Q96J02-2|ITCH_HUMAN for comparison negtKTSwt_R467W_Ind_vs_Mock_Ind are NA because there are measurements only in a single group
INFO  [2026-07-13 17:15:18] *** error: results of protein sp|Q96K76-2|UBP47_HUMAN for comparison negtKTSwt_R467W_Ind_vs_Mock_Ind are NA because there are measurements only in a single group
INFO  [2026-07-13 17:15:18] *** error: results of protein sp|Q96PU8-3|QKI_HUMAN for comparison negtKTSwt_R467W_Ind_vs_Mock_Ind are NA because there are measurements only in a single group
INFO  [2026-07-13 17:15:18] *** error: results of protein sp|Q96QZ7-2|MAGI1_HUMAN for comparison negtKTSwt_R467W_Ind_vs_Mock_Ind are NA because there are measurements only in a single group
INFO  [2026-07-13 17:15:18] *** error: results of protein sp|Q96S55-2|WRIP1_HUMAN for comparison negtKTSwt_R467W_Ind_vs_Mock_Ind are NA because there are measurements only in a single group
INFO  [2026-07-13 17:15:18] *** error: results of protein sp|Q96SI9-2|STRBP_HUMAN for comparison negtKTSwt_R467W_Ind_vs_Mock_Ind are NA because there are measurements only in a single group
INFO  [2026-07-13 17:15:18] *** error: results of protein sp|Q99426-2|TBCB_HUMAN for comparison negtKTSwt_R467W_Ind_vs_Mock_Ind are NA because there are measurements only in a single group
INFO  [2026-07-13 17:15:19] *** error: results of protein sp|Q9BRQ0|PYGO2_HUMAN for comparison negtKTSwt_R467W_Ind_vs_Mock_Ind are NA because there are measurements only in a single group
INFO  [2026-07-13 17:15:19] *** error: results of protein sp|Q9BTL3|RAMAC_HUMAN for comparison negtKTSwt_R467W_Ind_vs_Mock_Ind are NA because there are measurements only in a single group
INFO  [2026-07-13 17:15:19] *** error: results of protein sp|Q9BWF3|RBM4_HUMAN for comparison negtKTSwt_R467W_Ind_vs_Mock_Ind are NA because there are measurements only in a single group
INFO  [2026-07-13 17:15:19] *** error: results of protein sp|Q9H0L4|CSTFT_HUMAN for comparison negtKTSwt_R467W_Ind_vs_Mock_Ind are NA because there are measurements only in a single group
INFO  [2026-07-13 17:15:19] *** error: results of protein sp|Q9H0U6|RM18_HUMAN for comparison negtKTSwt_R467W_Ind_vs_Mock_Ind are NA because there are measurements only in a single group
INFO  [2026-07-13 17:15:20] *** error: results of protein sp|Q9H6R4-4|NOL6_HUMAN for comparison negtKTSwt_R467W_Ind_vs_Mock_Ind are NA because there are measurements only in a single group
INFO  [2026-07-13 17:15:20] *** error: results of protein sp|Q9H7S9|ZN703_HUMAN for comparison negtKTSwt_R467W_Ind_vs_Mock_Ind are NA because there are measurements only in a single group
INFO  [2026-07-13 17:15:20] *** error: results of protein sp|Q9HAH7-1|FBRS_HUMAN for comparison negtKTSwt_R467W_Ind_vs_Mock_Ind are NA because there are measurements only in a single group
INFO  [2026-07-13 17:15:20] *** error: results of protein sp|Q9NP92|RT30_HUMAN for comparison negtKTSwt_R467W_Ind_vs_Mock_Ind are NA because there are measurements only in a single group
INFO  [2026-07-13 17:15:20] *** error: results of protein sp|Q9NQX4|MYO5C_HUMAN for comparison negtKTSwt_R467W_Ind_vs_Mock_Ind are NA because there are measurements only in a single group
INFO  [2026-07-13 17:15:21] *** error: results of protein sp|Q9NXH9-2|TRM1_HUMAN for comparison negtKTSwt_R467W_Ind_vs_Mock_Ind are NA because there are measurements only in a single group
INFO  [2026-07-13 17:15:21] *** error: results of protein sp|Q9P2K5|MYEF2_HUMAN for comparison negtKTSwt_R467W_Ind_vs_Mock_Ind are NA because there are measurements only in a single group
INFO  [2026-07-13 17:15:21] *** error: results of protein sp|Q9UBD5|ORC3_HUMAN for comparison negtKTSwt_R467W_Ind_vs_Mock_Ind are NA because there are measurements only in a single group
INFO  [2026-07-13 17:15:21] *** error: results of protein sp|Q9UBL3-3|ASH2L_HUMAN for comparison negtKTSwt_R467W_Ind_vs_Mock_Ind are NA because there are measurements only in a single group
INFO  [2026-07-13 17:15:21] *** error: results of protein sp|Q9UBM7|DHCR7_HUMAN for comparison negtKTSwt_R467W_Ind_vs_Mock_Ind are NA because there are measurements only in a single group
INFO  [2026-07-13 17:15:21] *** error: results of protein sp|Q9UGV2-2|NDRG3_HUMAN for comparison negtKTSwt_R467W_Ind_vs_Mock_Ind are NA because there are measurements only in a single group
INFO  [2026-07-13 17:15:22] *** error: results of protein sp|Q9UHI6|DDX20_HUMAN for comparison negtKTSwt_R467W_Ind_vs_Mock_Ind are NA because there are measurements only in a single group
INFO  [2026-07-13 17:15:22] *** error: results of protein sp|Q9UIA9|XPO7_HUMAN for comparison negtKTSwt_R467W_Ind_vs_Mock_Ind are NA because there are measurements only in a single group
INFO  [2026-07-13 17:15:22] *** error: results of protein sp|Q9UJ70|NAGK_HUMAN for comparison negtKTSwt_R467W_Ind_vs_Mock_Ind are NA because there are measurements only in a single group
INFO  [2026-07-13 17:15:22] *** error: results of protein sp|Q9UJY1|HSPB8_HUMAN for comparison negtKTSwt_R467W_Ind_vs_Mock_Ind are NA because there are measurements only in a single group
INFO  [2026-07-13 17:15:22] *** error: results of protein sp|Q9UK41|VPS28_HUMAN for comparison negtKTSwt_R467W_Ind_vs_Mock_Ind are NA because there are measurements only in a single group
INFO  [2026-07-13 17:15:22] *** error: results of protein sp|Q9ULJ6|ZMIZ1_HUMAN for comparison negtKTSwt_R467W_Ind_vs_Mock_Ind are NA because there are measurements only in a single group
INFO  [2026-07-13 17:15:22] *** error: results of protein sp|Q9ULL5|PRR12_HUMAN for comparison negtKTSwt_R467W_Ind_vs_Mock_Ind are NA because there are measurements only in a single group
INFO  [2026-07-13 17:15:22] *** error: results of protein sp|Q9ULW0-2|TPX2_HUMAN for comparison negtKTSwt_R467W_Ind_vs_Mock_Ind are NA because there are measurements only in a single group
INFO  [2026-07-13 17:15:22] *** error: results of protein sp|Q9UPN9-2|TRI33_HUMAN for comparison negtKTSwt_R467W_Ind_vs_Mock_Ind are NA because there are measurements only in a single group
INFO  [2026-07-13 17:15:23] *** error: results of protein sp|Q9Y5B9|SP16H_HUMAN for comparison negtKTSwt_R467W_Ind_vs_Mock_Ind are NA because there are measurements only in a single group
INFO  [2026-07-13 17:15:23] *** error: results of protein sp|Q9Y6E2|5MP1_HUMAN for comparison negtKTSwt_R467W_Ind_vs_Mock_Ind are NA because there are measurements only in a single group
INFO  [2026-07-13 17:15:23] *** error: results of protein sp|Q9Y6Q9-5|NCOA3_HUMAN for comparison negtKTSwt_R467W_Ind_vs_Mock_Ind are NA because there are measurements only in a single group
INFO  [2026-07-13 17:15:23] == Comparisons for all proteins are done.
INFO  [2026-07-13 17:15:23] The output for groupComparison is ready.
